------------------------------------------------------------
TimeQuest Timing Analyzer Summary
------------------------------------------------------------

Type  : Slow 1200mV 85C Model Setup 'clk'
Slack : -3.343
TNS   : -52.155

Type  : Slow 1200mV 85C Model Setup 'rain:rain3constructor|paramcounter:slockmake|q[21]'
Slack : -2.912
TNS   : -16.455

Type  : Slow 1200mV 85C Model Setup 'rain:createrain|paramcounter:slockmake|q[19]'
Slack : -2.658
TNS   : -14.404

Type  : Slow 1200mV 85C Model Setup 'rain:rain2constructor|paramcounter:slockmake|q[20]'
Slack : -2.061
TNS   : -14.033

Type  : Slow 1200mV 85C Model Setup 'paramcounter:sckmake|q[6]'
Slack : -1.613
TNS   : -1190.236

Type  : Slow 1200mV 85C Model Hold 'clk'
Slack : 0.075
TNS   : 0.000

Type  : Slow 1200mV 85C Model Hold 'paramcounter:sckmake|q[6]'
Slack : 0.391
TNS   : 0.000

Type  : Slow 1200mV 85C Model Hold 'rain:createrain|paramcounter:slockmake|q[19]'
Slack : 0.991
TNS   : 0.000

Type  : Slow 1200mV 85C Model Hold 'rain:rain2constructor|paramcounter:slockmake|q[20]'
Slack : 1.007
TNS   : 0.000

Type  : Slow 1200mV 85C Model Hold 'rain:rain3constructor|paramcounter:slockmake|q[21]'
Slack : 1.106
TNS   : 0.000

Type  : Slow 1200mV 85C Model Minimum Pulse Width 'clk'
Slack : -3.000
TNS   : -40.175

Type  : Slow 1200mV 85C Model Minimum Pulse Width 'paramcounter:sckmake|q[6]'
Slack : -1.487
TNS   : -1903.360

Type  : Slow 1200mV 85C Model Minimum Pulse Width 'rain:createrain|paramcounter:slockmake|q[19]'
Slack : -1.487
TNS   : -17.844

Type  : Slow 1200mV 85C Model Minimum Pulse Width 'rain:rain2constructor|paramcounter:slockmake|q[20]'
Slack : -1.487
TNS   : -17.844

Type  : Slow 1200mV 85C Model Minimum Pulse Width 'rain:rain3constructor|paramcounter:slockmake|q[21]'
Slack : -1.487
TNS   : -17.844

Type  : Slow 1200mV 0C Model Setup 'clk'
Slack : -2.953
TNS   : -45.760

Type  : Slow 1200mV 0C Model Setup 'rain:rain3constructor|paramcounter:slockmake|q[21]'
Slack : -2.613
TNS   : -14.961

Type  : Slow 1200mV 0C Model Setup 'rain:createrain|paramcounter:slockmake|q[19]'
Slack : -2.387
TNS   : -12.976

Type  : Slow 1200mV 0C Model Setup 'rain:rain2constructor|paramcounter:slockmake|q[20]'
Slack : -1.849
TNS   : -12.674

Type  : Slow 1200mV 0C Model Setup 'paramcounter:sckmake|q[6]'
Slack : -1.461
TNS   : -1031.263

Type  : Slow 1200mV 0C Model Hold 'clk'
Slack : 0.201
TNS   : 0.000

Type  : Slow 1200mV 0C Model Hold 'paramcounter:sckmake|q[6]'
Slack : 0.303
TNS   : 0.000

Type  : Slow 1200mV 0C Model Hold 'rain:rain2constructor|paramcounter:slockmake|q[20]'
Slack : 0.894
TNS   : 0.000

Type  : Slow 1200mV 0C Model Hold 'rain:createrain|paramcounter:slockmake|q[19]'
Slack : 0.914
TNS   : 0.000

Type  : Slow 1200mV 0C Model Hold 'rain:rain3constructor|paramcounter:slockmake|q[21]'
Slack : 1.013
TNS   : 0.000

Type  : Slow 1200mV 0C Model Minimum Pulse Width 'clk'
Slack : -3.000
TNS   : -40.175

Type  : Slow 1200mV 0C Model Minimum Pulse Width 'paramcounter:sckmake|q[6]'
Slack : -1.487
TNS   : -1903.360

Type  : Slow 1200mV 0C Model Minimum Pulse Width 'rain:rain3constructor|paramcounter:slockmake|q[21]'
Slack : -1.487
TNS   : -18.432

Type  : Slow 1200mV 0C Model Minimum Pulse Width 'rain:rain2constructor|paramcounter:slockmake|q[20]'
Slack : -1.487
TNS   : -18.428

Type  : Slow 1200mV 0C Model Minimum Pulse Width 'rain:createrain|paramcounter:slockmake|q[19]'
Slack : -1.487
TNS   : -17.844

Type  : Fast 1200mV 0C Model Setup 'clk'
Slack : -0.883
TNS   : -9.264

Type  : Fast 1200mV 0C Model Setup 'rain:rain3constructor|paramcounter:slockmake|q[21]'
Slack : -0.734
TNS   : -1.481

Type  : Fast 1200mV 0C Model Setup 'rain:createrain|paramcounter:slockmake|q[19]'
Slack : -0.581
TNS   : -1.234

Type  : Fast 1200mV 0C Model Setup 'paramcounter:sckmake|q[6]'
Slack : -0.318
TNS   : -73.696

Type  : Fast 1200mV 0C Model Setup 'rain:rain2constructor|paramcounter:slockmake|q[20]'
Slack : -0.318
TNS   : -0.823

Type  : Fast 1200mV 0C Model Hold 'clk'
Slack : -0.156
TNS   : -0.483

Type  : Fast 1200mV 0C Model Hold 'paramcounter:sckmake|q[6]'
Slack : 0.138
TNS   : 0.000

Type  : Fast 1200mV 0C Model Hold 'rain:createrain|paramcounter:slockmake|q[19]'
Slack : 0.371
TNS   : 0.000

Type  : Fast 1200mV 0C Model Hold 'rain:rain2constructor|paramcounter:slockmake|q[20]'
Slack : 0.397
TNS   : 0.000

Type  : Fast 1200mV 0C Model Hold 'rain:rain3constructor|paramcounter:slockmake|q[21]'
Slack : 0.449
TNS   : 0.000

Type  : Fast 1200mV 0C Model Minimum Pulse Width 'clk'
Slack : -3.000
TNS   : -29.615

Type  : Fast 1200mV 0C Model Minimum Pulse Width 'paramcounter:sckmake|q[6]'
Slack : -1.000
TNS   : -1280.000

Type  : Fast 1200mV 0C Model Minimum Pulse Width 'rain:createrain|paramcounter:slockmake|q[19]'
Slack : -1.000
TNS   : -12.000

Type  : Fast 1200mV 0C Model Minimum Pulse Width 'rain:rain2constructor|paramcounter:slockmake|q[20]'
Slack : -1.000
TNS   : -12.000

Type  : Fast 1200mV 0C Model Minimum Pulse Width 'rain:rain3constructor|paramcounter:slockmake|q[21]'
Slack : -1.000
TNS   : -12.000

------------------------------------------------------------
