Analysis & Synthesis report for spimoduletest
Thu Nov 30 20:34:30 2017
Quartus II 32-bit Version 13.0.1 Build 232 06/12/2013 Service Pack 1 SJ Web Edition


---------------------
; Table of Contents ;
---------------------
  1. Legal Notice
  2. Analysis & Synthesis Summary
  3. Analysis & Synthesis Settings
  4. Parallel Compilation
  5. Analysis & Synthesis Source Files Read
  6. Analysis & Synthesis Resource Usage Summary
  7. Analysis & Synthesis Resource Utilization by Entity
  8. Registers Removed During Synthesis
  9. General Register Statistics
 10. Parameter Settings for User Entity Instance: Top-level Entity: |spimoduletest
 11. Parameter Settings for User Entity Instance: paramcounter:sckmake
 12. Parameter Settings for User Entity Instance: valueGenOneColor:orangetest
 13. Parameter Settings for User Entity Instance: valueGenOneColor:bluetest
 14. Parameter Settings for User Entity Instance: valueGenOneColor:pinktest
 15. Parameter Settings for User Entity Instance: rain:createrain
 16. Parameter Settings for User Entity Instance: rain:createrain|paramcounter:slockmake
 17. Parameter Settings for User Entity Instance: rain:createrain|paramspi:testled
 18. Parameter Settings for User Entity Instance: rain:createrain|paramspi:testled|paramcounter:loadclk
 19. Parameter Settings for User Entity Instance: rain:rain2constructor
 20. Parameter Settings for User Entity Instance: rain:rain2constructor|paramcounter:slockmake
 21. Parameter Settings for User Entity Instance: rain:rain2constructor|paramspi:testled
 22. Parameter Settings for User Entity Instance: rain:rain2constructor|paramspi:testled|paramcounter:loadclk
 23. Parameter Settings for User Entity Instance: rain:rain3constructor
 24. Parameter Settings for User Entity Instance: rain:rain3constructor|paramcounter:slockmake
 25. Parameter Settings for User Entity Instance: rain:rain3constructor|paramspi:testled
 26. Parameter Settings for User Entity Instance: rain:rain3constructor|paramspi:testled|paramcounter:loadclk
 27. Port Connectivity Checks: "rain:rain3constructor|paramcounter:slockmake"
 28. Port Connectivity Checks: "rain:rain3constructor"
 29. Port Connectivity Checks: "rain:rain2constructor|paramcounter:slockmake"
 30. Port Connectivity Checks: "rain:rain2constructor"
 31. Port Connectivity Checks: "rain:createrain|paramspi:testled|paramcounter:loadclk"
 32. Port Connectivity Checks: "rain:createrain|paramcounter:slockmake"
 33. Port Connectivity Checks: "rain:createrain"
 34. Port Connectivity Checks: "valueGenOneColor:pinktest"
 35. Port Connectivity Checks: "valueGenOneColor:bluetest"
 36. Port Connectivity Checks: "valueGenOneColor:orangetest"
 37. Port Connectivity Checks: "paramcounter:sckmake"
 38. Elapsed Time Per Partition
 39. Analysis & Synthesis Messages



----------------
; Legal Notice ;
----------------
Copyright (C) 1991-2013 Altera Corporation
Your use of Altera Corporation's design tools, logic functions 
and other software and tools, and its AMPP partner logic 
functions, and any output files from any of the foregoing 
(including device programming or simulation files), and any 
associated documentation or information are expressly subject 
to the terms and conditions of the Altera Program License 
Subscription Agreement, Altera MegaCore Function License 
Agreement, or other applicable license agreement, including, 
without limitation, that your use is for the sole purpose of 
programming logic devices manufactured by Altera and sold by 
Altera or its authorized distributors.  Please refer to the 
applicable agreement for further details.



+--------------------------------------------------------------------------------------+
; Analysis & Synthesis Summary                                                         ;
+------------------------------------+-------------------------------------------------+
; Analysis & Synthesis Status        ; Successful - Thu Nov 30 20:34:30 2017           ;
; Quartus II 32-bit Version          ; 13.0.1 Build 232 06/12/2013 SP 1 SJ Web Edition ;
; Revision Name                      ; spimoduletest                                   ;
; Top-level Entity Name              ; spimoduletest                                   ;
; Family                             ; Cyclone IV E                                    ;
; Total logic elements               ; 1,392                                           ;
;     Total combinational functions  ; 1,358                                           ;
;     Dedicated logic registers      ; 1,341                                           ;
; Total registers                    ; 1341                                            ;
; Total pins                         ; 11                                              ;
; Total virtual pins                 ; 0                                               ;
; Total memory bits                  ; 0                                               ;
; Embedded Multiplier 9-bit elements ; 0                                               ;
; Total PLLs                         ; 0                                               ;
+------------------------------------+-------------------------------------------------+


+----------------------------------------------------------------------------------------------------------------------+
; Analysis & Synthesis Settings                                                                                        ;
+----------------------------------------------------------------------------+--------------------+--------------------+
; Option                                                                     ; Setting            ; Default Value      ;
+----------------------------------------------------------------------------+--------------------+--------------------+
; Device                                                                     ; EP4CE6E22C8        ;                    ;
; Top-level entity name                                                      ; spimoduletest      ; spimoduletest      ;
; Family name                                                                ; Cyclone IV E       ; Cyclone IV GX      ;
; Use smart compilation                                                      ; Off                ; Off                ;
; Enable parallel Assembler and TimeQuest Timing Analyzer during compilation ; On                 ; On                 ;
; Enable compact report table                                                ; Off                ; Off                ;
; Restructure Multiplexers                                                   ; Auto               ; Auto               ;
; Create Debugging Nodes for IP Cores                                        ; Off                ; Off                ;
; Preserve fewer node names                                                  ; On                 ; On                 ;
; Disable OpenCore Plus hardware evaluation                                  ; Off                ; Off                ;
; Verilog Version                                                            ; Verilog_2001       ; Verilog_2001       ;
; VHDL Version                                                               ; VHDL_1993          ; VHDL_1993          ;
; State Machine Processing                                                   ; Auto               ; Auto               ;
; Safe State Machine                                                         ; Off                ; Off                ;
; Extract Verilog State Machines                                             ; On                 ; On                 ;
; Extract VHDL State Machines                                                ; On                 ; On                 ;
; Ignore Verilog initial constructs                                          ; Off                ; Off                ;
; Iteration limit for constant Verilog loops                                 ; 5000               ; 5000               ;
; Iteration limit for non-constant Verilog loops                             ; 250                ; 250                ;
; Add Pass-Through Logic to Inferred RAMs                                    ; On                 ; On                 ;
; Infer RAMs from Raw Logic                                                  ; On                 ; On                 ;
; Parallel Synthesis                                                         ; On                 ; On                 ;
; DSP Block Balancing                                                        ; Auto               ; Auto               ;
; NOT Gate Push-Back                                                         ; On                 ; On                 ;
; Power-Up Don't Care                                                        ; On                 ; On                 ;
; Remove Redundant Logic Cells                                               ; Off                ; Off                ;
; Remove Duplicate Registers                                                 ; On                 ; On                 ;
; Ignore CARRY Buffers                                                       ; Off                ; Off                ;
; Ignore CASCADE Buffers                                                     ; Off                ; Off                ;
; Ignore GLOBAL Buffers                                                      ; Off                ; Off                ;
; Ignore ROW GLOBAL Buffers                                                  ; Off                ; Off                ;
; Ignore LCELL Buffers                                                       ; Off                ; Off                ;
; Ignore SOFT Buffers                                                        ; On                 ; On                 ;
; Limit AHDL Integers to 32 Bits                                             ; Off                ; Off                ;
; Optimization Technique                                                     ; Balanced           ; Balanced           ;
; Carry Chain Length                                                         ; 70                 ; 70                 ;
; Auto Carry Chains                                                          ; On                 ; On                 ;
; Auto Open-Drain Pins                                                       ; On                 ; On                 ;
; Perform WYSIWYG Primitive Resynthesis                                      ; Off                ; Off                ;
; Auto ROM Replacement                                                       ; On                 ; On                 ;
; Auto RAM Replacement                                                       ; On                 ; On                 ;
; Auto DSP Block Replacement                                                 ; On                 ; On                 ;
; Auto Shift Register Replacement                                            ; Auto               ; Auto               ;
; Allow Shift Register Merging across Hierarchies                            ; Auto               ; Auto               ;
; Auto Clock Enable Replacement                                              ; On                 ; On                 ;
; Strict RAM Replacement                                                     ; Off                ; Off                ;
; Allow Synchronous Control Signals                                          ; On                 ; On                 ;
; Force Use of Synchronous Clear Signals                                     ; Off                ; Off                ;
; Auto RAM Block Balancing                                                   ; On                 ; On                 ;
; Auto RAM to Logic Cell Conversion                                          ; Off                ; Off                ;
; Auto Resource Sharing                                                      ; Off                ; Off                ;
; Allow Any RAM Size For Recognition                                         ; Off                ; Off                ;
; Allow Any ROM Size For Recognition                                         ; Off                ; Off                ;
; Allow Any Shift Register Size For Recognition                              ; Off                ; Off                ;
; Use LogicLock Constraints during Resource Balancing                        ; On                 ; On                 ;
; Ignore translate_off and synthesis_off directives                          ; Off                ; Off                ;
; Timing-Driven Synthesis                                                    ; On                 ; On                 ;
; Report Parameter Settings                                                  ; On                 ; On                 ;
; Report Source Assignments                                                  ; On                 ; On                 ;
; Report Connectivity Checks                                                 ; On                 ; On                 ;
; Ignore Maximum Fan-Out Assignments                                         ; Off                ; Off                ;
; Synchronization Register Chain Length                                      ; 2                  ; 2                  ;
; PowerPlay Power Optimization                                               ; Normal compilation ; Normal compilation ;
; HDL message level                                                          ; Level2             ; Level2             ;
; Suppress Register Optimization Related Messages                            ; Off                ; Off                ;
; Number of Removed Registers Reported in Synthesis Report                   ; 5000               ; 5000               ;
; Number of Swept Nodes Reported in Synthesis Report                         ; 5000               ; 5000               ;
; Number of Inverted Registers Reported in Synthesis Report                  ; 100                ; 100                ;
; Clock MUX Protection                                                       ; On                 ; On                 ;
; Auto Gated Clock Conversion                                                ; Off                ; Off                ;
; Block Design Naming                                                        ; Auto               ; Auto               ;
; SDC constraint protection                                                  ; Off                ; Off                ;
; Synthesis Effort                                                           ; Auto               ; Auto               ;
; Shift Register Replacement - Allow Asynchronous Clear Signal               ; On                 ; On                 ;
; Pre-Mapping Resynthesis Optimization                                       ; Off                ; Off                ;
; Analysis & Synthesis Message Level                                         ; Medium             ; Medium             ;
; Disable Register Merging Across Hierarchies                                ; Auto               ; Auto               ;
; Resource Aware Inference For Block RAM                                     ; On                 ; On                 ;
; Synthesis Seed                                                             ; 1                  ; 1                  ;
+----------------------------------------------------------------------------+--------------------+--------------------+


Parallel compilation was disabled, but you have multiple processors available. Enable parallel compilation to reduce compilation time.
+-------------------------------------+
; Parallel Compilation                ;
+----------------------------+--------+
; Processors                 ; Number ;
+----------------------------+--------+
; Number detected on machine ; 8      ;
; Maximum allowed            ; 1      ;
+----------------------------+--------+


+------------------------------------------------------------------------------------------------------------------------------------------------+
; Analysis & Synthesis Source Files Read                                                                                                         ;
+----------------------------------+-----------------+------------------------------+--------------------------------------------------+---------+
; File Name with User-Entered Path ; Used in Netlist ; File Type                    ; File Name with Absolute Path                     ; Library ;
+----------------------------------+-----------------+------------------------------+--------------------------------------------------+---------+
; spimoduletest.sv                 ; yes             ; User SystemVerilog HDL File  ; F:/altera/13.0sp1/FinalProject4/spimoduletest.sv ;         ;
+----------------------------------+-----------------+------------------------------+--------------------------------------------------+---------+


+-------------------------------------------------------------------------+
; Analysis & Synthesis Resource Usage Summary                             ;
+---------------------------------------------+---------------------------+
; Resource                                    ; Usage                     ;
+---------------------------------------------+---------------------------+
; Estimated Total logic elements              ; 1,392                     ;
;                                             ;                           ;
; Total combinational functions               ; 1358                      ;
; Logic element usage by number of LUT inputs ;                           ;
;     -- 4 input functions                    ; 9                         ;
;     -- 3 input functions                    ; 943                       ;
;     -- <=2 input functions                  ; 406                       ;
;                                             ;                           ;
; Logic elements by mode                      ;                           ;
;     -- normal mode                          ; 1296                      ;
;     -- arithmetic mode                      ; 62                        ;
;                                             ;                           ;
; Total registers                             ; 1341                      ;
;     -- Dedicated logic registers            ; 1341                      ;
;     -- I/O registers                        ; 0                         ;
;                                             ;                           ;
; I/O pins                                    ; 11                        ;
; Embedded Multiplier 9-bit elements          ; 0                         ;
; Maximum fan-out node                        ; paramcounter:sckmake|q[6] ;
; Maximum fan-out                             ; 1285                      ;
; Total fan-out                               ; 6372                      ;
; Average fan-out                             ; 2.34                      ;
+---------------------------------------------+---------------------------+


+-------------------------------------------------------------------------------------------------------------------------------------------------------------------------------------------------------------------------+
; Analysis & Synthesis Resource Utilization by Entity                                                                                                                                                                     ;
+--------------------------------+-------------------+--------------+-------------+--------------+---------+-----------+------+--------------+-------------------------------------------------------------+--------------+
; Compilation Hierarchy Node     ; LC Combinationals ; LC Registers ; Memory Bits ; DSP Elements ; DSP 9x9 ; DSP 18x18 ; Pins ; Virtual Pins ; Full Hierarchy Name                                         ; Library Name ;
+--------------------------------+-------------------+--------------+-------------+--------------+---------+-----------+------+--------------+-------------------------------------------------------------+--------------+
; |spimoduletest                 ; 1358 (0)          ; 1341 (0)     ; 0           ; 0            ; 0       ; 0         ; 11   ; 0            ; |spimoduletest                                              ; work         ;
;    |paramcounter:sckmake|      ; 6 (6)             ; 1 (1)        ; 0           ; 0            ; 0       ; 0         ; 0    ; 0            ; |spimoduletest|paramcounter:sckmake                         ; work         ;
;    |rain:createrain|           ; 470 (4)           ; 461 (12)     ; 0           ; 0            ; 0       ; 0         ; 0    ; 0            ; |spimoduletest|rain:createrain                              ; work         ;
;       |paramcounter:slockmake| ; 19 (19)           ; 1 (1)        ; 0           ; 0            ; 0       ; 0         ; 0    ; 0            ; |spimoduletest|rain:createrain|paramcounter:slockmake       ; work         ;
;       |paramspi:testled|       ; 447 (447)         ; 448 (448)    ; 0           ; 0            ; 0       ; 0         ; 0    ; 0            ; |spimoduletest|rain:createrain|paramspi:testled             ; work         ;
;    |rain:rain2constructor|     ; 440 (4)           ; 429 (12)     ; 0           ; 0            ; 0       ; 0         ; 0    ; 0            ; |spimoduletest|rain:rain2constructor                        ; work         ;
;       |paramcounter:slockmake| ; 20 (20)           ; 1 (1)        ; 0           ; 0            ; 0       ; 0         ; 0    ; 0            ; |spimoduletest|rain:rain2constructor|paramcounter:slockmake ; work         ;
;       |paramspi:testled|       ; 416 (416)         ; 416 (416)    ; 0           ; 0            ; 0       ; 0         ; 0    ; 0            ; |spimoduletest|rain:rain2constructor|paramspi:testled       ; work         ;
;    |rain:rain3constructor|     ; 442 (4)           ; 450 (12)     ; 0           ; 0            ; 0       ; 0         ; 0    ; 0            ; |spimoduletest|rain:rain3constructor                        ; work         ;
;       |paramcounter:slockmake| ; 22 (22)           ; 22 (22)      ; 0           ; 0            ; 0       ; 0         ; 0    ; 0            ; |spimoduletest|rain:rain3constructor|paramcounter:slockmake ; work         ;
;       |paramspi:testled|       ; 416 (416)         ; 416 (416)    ; 0           ; 0            ; 0       ; 0         ; 0    ; 0            ; |spimoduletest|rain:rain3constructor|paramspi:testled       ; work         ;
+--------------------------------+-------------------+--------------+-------------+--------------+---------+-----------+------+--------------+-------------------------------------------------------------+--------------+
Note: For table entries with two numbers listed, the numbers in parentheses indicate the number of resources of the given type used by the specific entity alone. The numbers listed outside of parentheses indicate the total resources of the given type used by the specific entity and all of its sub-entities in the hierarchy.


+---------------------------------------------------------------------------------------------------------------------------------------------+
; Registers Removed During Synthesis                                                                                                          ;
+-------------------------------------------------------------------+-------------------------------------------------------------------------+
; Register name                                                     ; Reason for Removal                                                      ;
+-------------------------------------------------------------------+-------------------------------------------------------------------------+
; rain:rain2constructor|paramspi:testled|p[0]                       ; Merged with rain:createrain|paramspi:testled|p[0]                       ;
; rain:rain3constructor|paramspi:testled|p[0]                       ; Merged with rain:createrain|paramspi:testled|p[0]                       ;
; rain:rain2constructor|paramspi:testled|p[1]                       ; Merged with rain:createrain|paramspi:testled|p[1]                       ;
; rain:rain3constructor|paramspi:testled|p[1]                       ; Merged with rain:createrain|paramspi:testled|p[1]                       ;
; rain:rain2constructor|paramspi:testled|p[2]                       ; Merged with rain:createrain|paramspi:testled|p[2]                       ;
; rain:rain3constructor|paramspi:testled|p[2]                       ; Merged with rain:createrain|paramspi:testled|p[2]                       ;
; rain:rain2constructor|paramspi:testled|p[3]                       ; Merged with rain:createrain|paramspi:testled|p[3]                       ;
; rain:rain3constructor|paramspi:testled|p[3]                       ; Merged with rain:createrain|paramspi:testled|p[3]                       ;
; rain:rain2constructor|paramspi:testled|p[4]                       ; Merged with rain:createrain|paramspi:testled|p[4]                       ;
; rain:rain3constructor|paramspi:testled|p[4]                       ; Merged with rain:createrain|paramspi:testled|p[4]                       ;
; rain:rain2constructor|paramspi:testled|p[5]                       ; Merged with rain:createrain|paramspi:testled|p[5]                       ;
; rain:rain3constructor|paramspi:testled|p[5]                       ; Merged with rain:createrain|paramspi:testled|p[5]                       ;
; rain:rain2constructor|paramspi:testled|p[6]                       ; Merged with rain:createrain|paramspi:testled|p[6]                       ;
; rain:rain3constructor|paramspi:testled|p[6]                       ; Merged with rain:createrain|paramspi:testled|p[6]                       ;
; rain:rain2constructor|paramspi:testled|p[7]                       ; Merged with rain:createrain|paramspi:testled|p[7]                       ;
; rain:rain3constructor|paramspi:testled|p[7]                       ; Merged with rain:createrain|paramspi:testled|p[7]                       ;
; rain:rain2constructor|paramspi:testled|p[8]                       ; Merged with rain:createrain|paramspi:testled|p[8]                       ;
; rain:rain3constructor|paramspi:testled|p[8]                       ; Merged with rain:createrain|paramspi:testled|p[8]                       ;
; rain:rain2constructor|paramspi:testled|p[9]                       ; Merged with rain:createrain|paramspi:testled|p[9]                       ;
; rain:rain3constructor|paramspi:testled|p[9]                       ; Merged with rain:createrain|paramspi:testled|p[9]                       ;
; rain:rain2constructor|paramspi:testled|p[10]                      ; Merged with rain:createrain|paramspi:testled|p[10]                      ;
; rain:rain3constructor|paramspi:testled|p[10]                      ; Merged with rain:createrain|paramspi:testled|p[10]                      ;
; rain:rain2constructor|paramspi:testled|paramcounter:loadclk|q[25] ; Merged with rain:createrain|paramspi:testled|paramcounter:loadclk|q[25] ;
; rain:rain3constructor|paramspi:testled|paramcounter:loadclk|q[25] ; Merged with rain:createrain|paramspi:testled|paramcounter:loadclk|q[25] ;
; rain:rain2constructor|paramspi:testled|paramcounter:loadclk|q[24] ; Merged with rain:createrain|paramspi:testled|paramcounter:loadclk|q[24] ;
; rain:rain3constructor|paramspi:testled|paramcounter:loadclk|q[24] ; Merged with rain:createrain|paramspi:testled|paramcounter:loadclk|q[24] ;
; rain:rain2constructor|paramspi:testled|paramcounter:loadclk|q[23] ; Merged with rain:createrain|paramspi:testled|paramcounter:loadclk|q[23] ;
; rain:rain3constructor|paramspi:testled|paramcounter:loadclk|q[23] ; Merged with rain:createrain|paramspi:testled|paramcounter:loadclk|q[23] ;
; rain:rain2constructor|paramspi:testled|paramcounter:loadclk|q[22] ; Merged with rain:createrain|paramspi:testled|paramcounter:loadclk|q[22] ;
; rain:rain3constructor|paramspi:testled|paramcounter:loadclk|q[22] ; Merged with rain:createrain|paramspi:testled|paramcounter:loadclk|q[22] ;
; rain:rain2constructor|paramspi:testled|paramcounter:loadclk|q[21] ; Merged with rain:createrain|paramspi:testled|paramcounter:loadclk|q[21] ;
; rain:rain3constructor|paramspi:testled|paramcounter:loadclk|q[21] ; Merged with rain:createrain|paramspi:testled|paramcounter:loadclk|q[21] ;
; rain:rain2constructor|paramspi:testled|paramcounter:loadclk|q[20] ; Merged with rain:createrain|paramspi:testled|paramcounter:loadclk|q[20] ;
; rain:rain3constructor|paramspi:testled|paramcounter:loadclk|q[20] ; Merged with rain:createrain|paramspi:testled|paramcounter:loadclk|q[20] ;
; rain:rain2constructor|paramspi:testled|paramcounter:loadclk|q[19] ; Merged with rain:createrain|paramspi:testled|paramcounter:loadclk|q[19] ;
; rain:rain3constructor|paramspi:testled|paramcounter:loadclk|q[19] ; Merged with rain:createrain|paramspi:testled|paramcounter:loadclk|q[19] ;
; rain:rain2constructor|paramspi:testled|paramcounter:loadclk|q[18] ; Merged with rain:createrain|paramspi:testled|paramcounter:loadclk|q[18] ;
; rain:rain3constructor|paramspi:testled|paramcounter:loadclk|q[18] ; Merged with rain:createrain|paramspi:testled|paramcounter:loadclk|q[18] ;
; rain:rain2constructor|paramspi:testled|paramcounter:loadclk|q[17] ; Merged with rain:createrain|paramspi:testled|paramcounter:loadclk|q[17] ;
; rain:rain3constructor|paramspi:testled|paramcounter:loadclk|q[17] ; Merged with rain:createrain|paramspi:testled|paramcounter:loadclk|q[17] ;
; rain:rain2constructor|paramspi:testled|paramcounter:loadclk|q[16] ; Merged with rain:createrain|paramspi:testled|paramcounter:loadclk|q[16] ;
; rain:rain3constructor|paramspi:testled|paramcounter:loadclk|q[16] ; Merged with rain:createrain|paramspi:testled|paramcounter:loadclk|q[16] ;
; rain:rain2constructor|paramspi:testled|paramcounter:loadclk|q[15] ; Merged with rain:createrain|paramspi:testled|paramcounter:loadclk|q[15] ;
; rain:rain3constructor|paramspi:testled|paramcounter:loadclk|q[15] ; Merged with rain:createrain|paramspi:testled|paramcounter:loadclk|q[15] ;
; rain:rain2constructor|paramspi:testled|paramcounter:loadclk|q[14] ; Merged with rain:createrain|paramspi:testled|paramcounter:loadclk|q[14] ;
; rain:rain3constructor|paramspi:testled|paramcounter:loadclk|q[14] ; Merged with rain:createrain|paramspi:testled|paramcounter:loadclk|q[14] ;
; rain:rain2constructor|paramspi:testled|paramcounter:loadclk|q[13] ; Merged with rain:createrain|paramspi:testled|paramcounter:loadclk|q[13] ;
; rain:rain3constructor|paramspi:testled|paramcounter:loadclk|q[13] ; Merged with rain:createrain|paramspi:testled|paramcounter:loadclk|q[13] ;
; rain:rain2constructor|paramspi:testled|paramcounter:loadclk|q[12] ; Merged with rain:createrain|paramspi:testled|paramcounter:loadclk|q[12] ;
; rain:rain3constructor|paramspi:testled|paramcounter:loadclk|q[12] ; Merged with rain:createrain|paramspi:testled|paramcounter:loadclk|q[12] ;
; rain:rain2constructor|paramspi:testled|paramcounter:loadclk|q[11] ; Merged with rain:createrain|paramspi:testled|paramcounter:loadclk|q[11] ;
; rain:rain3constructor|paramspi:testled|paramcounter:loadclk|q[11] ; Merged with rain:createrain|paramspi:testled|paramcounter:loadclk|q[11] ;
; rain:rain2constructor|paramspi:testled|paramcounter:loadclk|q[10] ; Merged with rain:createrain|paramspi:testled|paramcounter:loadclk|q[10] ;
; rain:rain3constructor|paramspi:testled|paramcounter:loadclk|q[10] ; Merged with rain:createrain|paramspi:testled|paramcounter:loadclk|q[10] ;
; rain:rain2constructor|paramspi:testled|paramcounter:loadclk|q[9]  ; Merged with rain:createrain|paramspi:testled|paramcounter:loadclk|q[9]  ;
; rain:rain3constructor|paramspi:testled|paramcounter:loadclk|q[9]  ; Merged with rain:createrain|paramspi:testled|paramcounter:loadclk|q[9]  ;
; rain:rain2constructor|paramspi:testled|paramcounter:loadclk|q[8]  ; Merged with rain:createrain|paramspi:testled|paramcounter:loadclk|q[8]  ;
; rain:rain3constructor|paramspi:testled|paramcounter:loadclk|q[8]  ; Merged with rain:createrain|paramspi:testled|paramcounter:loadclk|q[8]  ;
; rain:rain2constructor|paramspi:testled|paramcounter:loadclk|q[7]  ; Merged with rain:createrain|paramspi:testled|paramcounter:loadclk|q[7]  ;
; rain:rain3constructor|paramspi:testled|paramcounter:loadclk|q[7]  ; Merged with rain:createrain|paramspi:testled|paramcounter:loadclk|q[7]  ;
; rain:rain2constructor|paramspi:testled|paramcounter:loadclk|q[6]  ; Merged with rain:createrain|paramspi:testled|paramcounter:loadclk|q[6]  ;
; rain:rain3constructor|paramspi:testled|paramcounter:loadclk|q[6]  ; Merged with rain:createrain|paramspi:testled|paramcounter:loadclk|q[6]  ;
; rain:rain2constructor|paramspi:testled|paramcounter:loadclk|q[5]  ; Merged with rain:createrain|paramspi:testled|paramcounter:loadclk|q[5]  ;
; rain:rain3constructor|paramspi:testled|paramcounter:loadclk|q[5]  ; Merged with rain:createrain|paramspi:testled|paramcounter:loadclk|q[5]  ;
; rain:rain2constructor|paramspi:testled|paramcounter:loadclk|q[4]  ; Merged with rain:createrain|paramspi:testled|paramcounter:loadclk|q[4]  ;
; rain:rain3constructor|paramspi:testled|paramcounter:loadclk|q[4]  ; Merged with rain:createrain|paramspi:testled|paramcounter:loadclk|q[4]  ;
; rain:rain2constructor|paramspi:testled|paramcounter:loadclk|q[3]  ; Merged with rain:createrain|paramspi:testled|paramcounter:loadclk|q[3]  ;
; rain:rain3constructor|paramspi:testled|paramcounter:loadclk|q[3]  ; Merged with rain:createrain|paramspi:testled|paramcounter:loadclk|q[3]  ;
; rain:rain2constructor|paramspi:testled|paramcounter:loadclk|q[2]  ; Merged with rain:createrain|paramspi:testled|paramcounter:loadclk|q[2]  ;
; rain:rain3constructor|paramspi:testled|paramcounter:loadclk|q[2]  ; Merged with rain:createrain|paramspi:testled|paramcounter:loadclk|q[2]  ;
; rain:rain2constructor|paramspi:testled|paramcounter:loadclk|q[1]  ; Merged with rain:createrain|paramspi:testled|paramcounter:loadclk|q[1]  ;
; rain:rain3constructor|paramspi:testled|paramcounter:loadclk|q[1]  ; Merged with rain:createrain|paramspi:testled|paramcounter:loadclk|q[1]  ;
; rain:rain2constructor|paramspi:testled|paramcounter:loadclk|q[0]  ; Merged with rain:createrain|paramspi:testled|paramcounter:loadclk|q[0]  ;
; rain:rain3constructor|paramspi:testled|paramcounter:loadclk|q[0]  ; Merged with rain:createrain|paramspi:testled|paramcounter:loadclk|q[0]  ;
; rain:rain2constructor|paramspi:testled|p[11]                      ; Merged with rain:createrain|paramspi:testled|p[11]                      ;
; rain:rain3constructor|paramspi:testled|p[11]                      ; Merged with rain:createrain|paramspi:testled|p[11]                      ;
; rain:rain2constructor|paramspi:testled|p[12]                      ; Merged with rain:createrain|paramspi:testled|p[12]                      ;
; rain:rain3constructor|paramspi:testled|p[12]                      ; Merged with rain:createrain|paramspi:testled|p[12]                      ;
; rain:rain2constructor|paramspi:testled|p[13]                      ; Merged with rain:createrain|paramspi:testled|p[13]                      ;
; rain:rain3constructor|paramspi:testled|p[13]                      ; Merged with rain:createrain|paramspi:testled|p[13]                      ;
; rain:rain2constructor|paramspi:testled|p[14]                      ; Merged with rain:createrain|paramspi:testled|p[14]                      ;
; rain:rain3constructor|paramspi:testled|p[14]                      ; Merged with rain:createrain|paramspi:testled|p[14]                      ;
; rain:rain2constructor|paramspi:testled|p[15]                      ; Merged with rain:createrain|paramspi:testled|p[15]                      ;
; rain:rain3constructor|paramspi:testled|p[15]                      ; Merged with rain:createrain|paramspi:testled|p[15]                      ;
; rain:rain2constructor|paramspi:testled|p[16]                      ; Merged with rain:createrain|paramspi:testled|p[16]                      ;
; rain:rain3constructor|paramspi:testled|p[16]                      ; Merged with rain:createrain|paramspi:testled|p[16]                      ;
; rain:rain2constructor|paramspi:testled|p[17]                      ; Merged with rain:createrain|paramspi:testled|p[17]                      ;
; rain:rain3constructor|paramspi:testled|p[17]                      ; Merged with rain:createrain|paramspi:testled|p[17]                      ;
; rain:rain2constructor|paramspi:testled|p[18]                      ; Merged with rain:createrain|paramspi:testled|p[18]                      ;
; rain:rain3constructor|paramspi:testled|p[18]                      ; Merged with rain:createrain|paramspi:testled|p[18]                      ;
; rain:rain2constructor|paramspi:testled|p[19]                      ; Merged with rain:createrain|paramspi:testled|p[19]                      ;
; rain:rain3constructor|paramspi:testled|p[19]                      ; Merged with rain:createrain|paramspi:testled|p[19]                      ;
; rain:rain2constructor|paramspi:testled|p[20]                      ; Merged with rain:createrain|paramspi:testled|p[20]                      ;
; rain:rain3constructor|paramspi:testled|p[20]                      ; Merged with rain:createrain|paramspi:testled|p[20]                      ;
; rain:rain2constructor|paramspi:testled|p[21]                      ; Merged with rain:createrain|paramspi:testled|p[21]                      ;
; rain:rain3constructor|paramspi:testled|p[21]                      ; Merged with rain:createrain|paramspi:testled|p[21]                      ;
; rain:rain2constructor|paramspi:testled|p[22]                      ; Merged with rain:createrain|paramspi:testled|p[22]                      ;
; rain:rain3constructor|paramspi:testled|p[22]                      ; Merged with rain:createrain|paramspi:testled|p[22]                      ;
; rain:rain2constructor|paramspi:testled|p[23]                      ; Merged with rain:createrain|paramspi:testled|p[23]                      ;
; rain:rain3constructor|paramspi:testled|p[23]                      ; Merged with rain:createrain|paramspi:testled|p[23]                      ;
; rain:rain2constructor|paramspi:testled|p[24]                      ; Merged with rain:createrain|paramspi:testled|p[24]                      ;
; rain:rain3constructor|paramspi:testled|p[24]                      ; Merged with rain:createrain|paramspi:testled|p[24]                      ;
; rain:rain2constructor|paramspi:testled|p[25]                      ; Merged with rain:createrain|paramspi:testled|p[25]                      ;
; rain:rain3constructor|paramspi:testled|p[25]                      ; Merged with rain:createrain|paramspi:testled|p[25]                      ;
; rain:rain2constructor|paramspi:testled|p[26]                      ; Merged with rain:createrain|paramspi:testled|p[26]                      ;
; rain:rain3constructor|paramspi:testled|p[26]                      ; Merged with rain:createrain|paramspi:testled|p[26]                      ;
; rain:rain2constructor|paramspi:testled|p[27]                      ; Merged with rain:createrain|paramspi:testled|p[27]                      ;
; rain:rain3constructor|paramspi:testled|p[27]                      ; Merged with rain:createrain|paramspi:testled|p[27]                      ;
; rain:rain2constructor|paramspi:testled|p[28]                      ; Merged with rain:createrain|paramspi:testled|p[28]                      ;
; rain:rain3constructor|paramspi:testled|p[28]                      ; Merged with rain:createrain|paramspi:testled|p[28]                      ;
; rain:rain2constructor|paramspi:testled|p[29]                      ; Merged with rain:createrain|paramspi:testled|p[29]                      ;
; rain:rain3constructor|paramspi:testled|p[29]                      ; Merged with rain:createrain|paramspi:testled|p[29]                      ;
; rain:rain2constructor|paramspi:testled|p[30]                      ; Merged with rain:createrain|paramspi:testled|p[30]                      ;
; rain:rain3constructor|paramspi:testled|p[30]                      ; Merged with rain:createrain|paramspi:testled|p[30]                      ;
; rain:rain2constructor|paramspi:testled|p[31]                      ; Merged with rain:createrain|paramspi:testled|p[31]                      ;
; rain:rain3constructor|paramspi:testled|p[31]                      ; Merged with rain:createrain|paramspi:testled|p[31]                      ;
; rain:createrain|paramcounter:slockmake|q[0]                       ; Merged with rain:rain3constructor|paramcounter:slockmake|q[0]           ;
; paramcounter:sckmake|q[0]                                         ; Merged with rain:rain3constructor|paramcounter:slockmake|q[0]           ;
; rain:rain2constructor|paramcounter:slockmake|q[0]                 ; Merged with rain:rain3constructor|paramcounter:slockmake|q[0]           ;
; rain:createrain|paramspi:testled|paramcounter:loadclk|q[0]        ; Merged with rain:rain3constructor|paramcounter:slockmake|q[0]           ;
; rain:createrain|paramcounter:slockmake|q[1]                       ; Merged with rain:rain3constructor|paramcounter:slockmake|q[1]           ;
; rain:createrain|paramspi:testled|paramcounter:loadclk|q[1]        ; Merged with rain:rain3constructor|paramcounter:slockmake|q[1]           ;
; rain:rain2constructor|paramcounter:slockmake|q[1]                 ; Merged with rain:rain3constructor|paramcounter:slockmake|q[1]           ;
; paramcounter:sckmake|q[1]                                         ; Merged with rain:rain3constructor|paramcounter:slockmake|q[1]           ;
; rain:createrain|paramspi:testled|paramcounter:loadclk|q[2]        ; Merged with rain:rain2constructor|paramcounter:slockmake|q[2]           ;
; paramcounter:sckmake|q[2]                                         ; Merged with rain:rain2constructor|paramcounter:slockmake|q[2]           ;
; rain:createrain|paramcounter:slockmake|q[2]                       ; Merged with rain:rain2constructor|paramcounter:slockmake|q[2]           ;
; rain:rain2constructor|paramcounter:slockmake|q[2]                 ; Merged with rain:rain3constructor|paramcounter:slockmake|q[2]           ;
; rain:createrain|paramcounter:slockmake|q[3]                       ; Merged with rain:rain2constructor|paramcounter:slockmake|q[3]           ;
; paramcounter:sckmake|q[3]                                         ; Merged with rain:rain2constructor|paramcounter:slockmake|q[3]           ;
; rain:createrain|paramspi:testled|paramcounter:loadclk|q[3]        ; Merged with rain:rain2constructor|paramcounter:slockmake|q[3]           ;
; rain:rain2constructor|paramcounter:slockmake|q[3]                 ; Merged with rain:rain3constructor|paramcounter:slockmake|q[3]           ;
; rain:createrain|paramcounter:slockmake|q[4]                       ; Merged with rain:rain2constructor|paramcounter:slockmake|q[4]           ;
; rain:createrain|paramspi:testled|paramcounter:loadclk|q[4]        ; Merged with rain:rain2constructor|paramcounter:slockmake|q[4]           ;
; paramcounter:sckmake|q[4]                                         ; Merged with rain:rain2constructor|paramcounter:slockmake|q[4]           ;
; rain:rain2constructor|paramcounter:slockmake|q[4]                 ; Merged with rain:rain3constructor|paramcounter:slockmake|q[4]           ;
; rain:createrain|paramcounter:slockmake|q[5]                       ; Merged with rain:rain2constructor|paramcounter:slockmake|q[5]           ;
; rain:createrain|paramspi:testled|paramcounter:loadclk|q[5]        ; Merged with rain:rain2constructor|paramcounter:slockmake|q[5]           ;
; paramcounter:sckmake|q[5]                                         ; Merged with rain:rain2constructor|paramcounter:slockmake|q[5]           ;
; rain:rain2constructor|paramcounter:slockmake|q[5]                 ; Merged with rain:rain3constructor|paramcounter:slockmake|q[5]           ;
; rain:createrain|paramspi:testled|paramcounter:loadclk|q[6]        ; Merged with rain:rain2constructor|paramcounter:slockmake|q[6]           ;
; rain:createrain|paramcounter:slockmake|q[6]                       ; Merged with rain:rain2constructor|paramcounter:slockmake|q[6]           ;
; rain:rain2constructor|paramcounter:slockmake|q[6]                 ; Merged with rain:rain3constructor|paramcounter:slockmake|q[6]           ;
; rain:createrain|paramcounter:slockmake|q[7]                       ; Merged with rain:rain2constructor|paramcounter:slockmake|q[7]           ;
; rain:createrain|paramspi:testled|paramcounter:loadclk|q[7]        ; Merged with rain:rain2constructor|paramcounter:slockmake|q[7]           ;
; rain:rain2constructor|paramcounter:slockmake|q[7]                 ; Merged with rain:rain3constructor|paramcounter:slockmake|q[7]           ;
; rain:createrain|paramspi:testled|paramcounter:loadclk|q[8]        ; Merged with rain:rain2constructor|paramcounter:slockmake|q[8]           ;
; rain:createrain|paramcounter:slockmake|q[8]                       ; Merged with rain:rain2constructor|paramcounter:slockmake|q[8]           ;
; rain:rain2constructor|paramcounter:slockmake|q[8]                 ; Merged with rain:rain3constructor|paramcounter:slockmake|q[8]           ;
; rain:createrain|paramcounter:slockmake|q[9]                       ; Merged with rain:rain2constructor|paramcounter:slockmake|q[9]           ;
; rain:createrain|paramspi:testled|paramcounter:loadclk|q[9]        ; Merged with rain:rain2constructor|paramcounter:slockmake|q[9]           ;
; rain:rain2constructor|paramcounter:slockmake|q[9]                 ; Merged with rain:rain3constructor|paramcounter:slockmake|q[9]           ;
; rain:createrain|paramcounter:slockmake|q[10]                      ; Merged with rain:rain2constructor|paramcounter:slockmake|q[10]          ;
; rain:createrain|paramspi:testled|paramcounter:loadclk|q[10]       ; Merged with rain:rain2constructor|paramcounter:slockmake|q[10]          ;
; rain:rain2constructor|paramcounter:slockmake|q[10]                ; Merged with rain:rain3constructor|paramcounter:slockmake|q[10]          ;
; rain:createrain|paramspi:testled|paramcounter:loadclk|q[11]       ; Merged with rain:rain2constructor|paramcounter:slockmake|q[11]          ;
; rain:createrain|paramcounter:slockmake|q[11]                      ; Merged with rain:rain2constructor|paramcounter:slockmake|q[11]          ;
; rain:rain2constructor|paramcounter:slockmake|q[11]                ; Merged with rain:rain3constructor|paramcounter:slockmake|q[11]          ;
; rain:createrain|paramcounter:slockmake|q[12]                      ; Merged with rain:rain2constructor|paramcounter:slockmake|q[12]          ;
; rain:createrain|paramspi:testled|paramcounter:loadclk|q[12]       ; Merged with rain:rain2constructor|paramcounter:slockmake|q[12]          ;
; rain:rain2constructor|paramcounter:slockmake|q[12]                ; Merged with rain:rain3constructor|paramcounter:slockmake|q[12]          ;
; rain:createrain|paramspi:testled|paramcounter:loadclk|q[13]       ; Merged with rain:rain2constructor|paramcounter:slockmake|q[13]          ;
; rain:createrain|paramcounter:slockmake|q[13]                      ; Merged with rain:rain2constructor|paramcounter:slockmake|q[13]          ;
; rain:rain2constructor|paramcounter:slockmake|q[13]                ; Merged with rain:rain3constructor|paramcounter:slockmake|q[13]          ;
; rain:createrain|paramcounter:slockmake|q[14]                      ; Merged with rain:rain2constructor|paramcounter:slockmake|q[14]          ;
; rain:createrain|paramspi:testled|paramcounter:loadclk|q[14]       ; Merged with rain:rain2constructor|paramcounter:slockmake|q[14]          ;
; rain:rain2constructor|paramcounter:slockmake|q[14]                ; Merged with rain:rain3constructor|paramcounter:slockmake|q[14]          ;
; rain:createrain|paramcounter:slockmake|q[15]                      ; Merged with rain:rain2constructor|paramcounter:slockmake|q[15]          ;
; rain:createrain|paramspi:testled|paramcounter:loadclk|q[15]       ; Merged with rain:rain2constructor|paramcounter:slockmake|q[15]          ;
; rain:rain2constructor|paramcounter:slockmake|q[15]                ; Merged with rain:rain3constructor|paramcounter:slockmake|q[15]          ;
; rain:createrain|paramcounter:slockmake|q[16]                      ; Merged with rain:rain2constructor|paramcounter:slockmake|q[16]          ;
; rain:createrain|paramspi:testled|paramcounter:loadclk|q[16]       ; Merged with rain:rain2constructor|paramcounter:slockmake|q[16]          ;
; rain:rain2constructor|paramcounter:slockmake|q[16]                ; Merged with rain:rain3constructor|paramcounter:slockmake|q[16]          ;
; rain:createrain|paramspi:testled|paramcounter:loadclk|q[17]       ; Merged with rain:rain2constructor|paramcounter:slockmake|q[17]          ;
; rain:createrain|paramcounter:slockmake|q[17]                      ; Merged with rain:rain2constructor|paramcounter:slockmake|q[17]          ;
; rain:rain2constructor|paramcounter:slockmake|q[17]                ; Merged with rain:rain3constructor|paramcounter:slockmake|q[17]          ;
; rain:createrain|paramspi:testled|paramcounter:loadclk|q[18]       ; Merged with rain:rain2constructor|paramcounter:slockmake|q[18]          ;
; rain:createrain|paramcounter:slockmake|q[18]                      ; Merged with rain:rain2constructor|paramcounter:slockmake|q[18]          ;
; rain:rain2constructor|paramcounter:slockmake|q[18]                ; Merged with rain:rain3constructor|paramcounter:slockmake|q[18]          ;
; rain:createrain|paramspi:testled|paramcounter:loadclk|q[19]       ; Merged with rain:rain2constructor|paramcounter:slockmake|q[19]          ;
; rain:rain2constructor|paramcounter:slockmake|q[19]                ; Merged with rain:rain3constructor|paramcounter:slockmake|q[19]          ;
; paramcounter:sckmake|q[7..25]                                     ; Lost fanout                                                             ;
; rain:rain3constructor|paramcounter:slockmake|q[22..29]            ; Lost fanout                                                             ;
; rain:createrain|paramcounter:slockmake|q[20..29]                  ; Lost fanout                                                             ;
; rain:rain2constructor|paramcounter:slockmake|q[21..29]            ; Lost fanout                                                             ;
; Total Number of Removed Registers = 227                           ;                                                                         ;
+-------------------------------------------------------------------+-------------------------------------------------------------------------+


+------------------------------------------------------+
; General Register Statistics                          ;
+----------------------------------------------+-------+
; Statistic                                    ; Value ;
+----------------------------------------------+-------+
; Total registers                              ; 1341  ;
; Number of registers using Synchronous Clear  ; 0     ;
; Number of registers using Synchronous Load   ; 0     ;
; Number of registers using Asynchronous Clear ; 0     ;
; Number of registers using Asynchronous Load  ; 0     ;
; Number of registers using Clock Enable       ; 0     ;
; Number of registers using Preset             ; 0     ;
+----------------------------------------------+-------+


+-------------------------------------------------------------------------------+
; Parameter Settings for User Entity Instance: Top-level Entity: |spimoduletest ;
+----------------+-------+------------------------------------------------------+
; Parameter Name ; Value ; Type                                                 ;
+----------------+-------+------------------------------------------------------+
; sckN           ; 26    ; Signed Integer                                       ;
; larglen        ; 14    ; Signed Integer                                       ;
; largb          ; 512   ; Signed Integer                                       ;
; medlen         ; 6     ; Signed Integer                                       ;
; medb           ; 256   ; Signed Integer                                       ;
; smallen        ; 6     ; Signed Integer                                       ;
; smalb          ; 256   ; Signed Integer                                       ;
; rain1len       ; 10    ; Signed Integer                                       ;
; rain1b         ; 384   ; Signed Integer                                       ;
; rain2len       ; 12    ; Signed Integer                                       ;
; rain2b         ; 448   ; Signed Integer                                       ;
; rain3len       ; 12    ; Signed Integer                                       ;
; rain3b         ; 448   ; Signed Integer                                       ;
+----------------+-------+------------------------------------------------------+
Note: In order to hide this table in the UI and the text report file, please set the "Show Parameter Settings in Synthesis Report" option in "Analysis and Synthesis Settings -> More Settings" to "Off".


+-------------------------------------------------------------------+
; Parameter Settings for User Entity Instance: paramcounter:sckmake ;
+----------------+-------+------------------------------------------+
; Parameter Name ; Value ; Type                                     ;
+----------------+-------+------------------------------------------+
; N              ; 26    ; Signed Integer                           ;
+----------------+-------+------------------------------------------+
Note: In order to hide this table in the UI and the text report file, please set the "Show Parameter Settings in Synthesis Report" option in "Analysis and Synthesis Settings -> More Settings" to "Off".


+--------------------------------------------------------------------------+
; Parameter Settings for User Entity Instance: valueGenOneColor:orangetest ;
+----------------+-------+-------------------------------------------------+
; Parameter Name ; Value ; Type                                            ;
+----------------+-------+-------------------------------------------------+
; numleds        ; 14    ; Signed Integer                                  ;
+----------------+-------+-------------------------------------------------+
Note: In order to hide this table in the UI and the text report file, please set the "Show Parameter Settings in Synthesis Report" option in "Analysis and Synthesis Settings -> More Settings" to "Off".


+------------------------------------------------------------------------+
; Parameter Settings for User Entity Instance: valueGenOneColor:bluetest ;
+----------------+-------+-----------------------------------------------+
; Parameter Name ; Value ; Type                                          ;
+----------------+-------+-----------------------------------------------+
; numleds        ; 6     ; Signed Integer                                ;
+----------------+-------+-----------------------------------------------+
Note: In order to hide this table in the UI and the text report file, please set the "Show Parameter Settings in Synthesis Report" option in "Analysis and Synthesis Settings -> More Settings" to "Off".


+------------------------------------------------------------------------+
; Parameter Settings for User Entity Instance: valueGenOneColor:pinktest ;
+----------------+-------+-----------------------------------------------+
; Parameter Name ; Value ; Type                                          ;
+----------------+-------+-----------------------------------------------+
; numleds        ; 6     ; Signed Integer                                ;
+----------------+-------+-----------------------------------------------+
Note: In order to hide this table in the UI and the text report file, please set the "Show Parameter Settings in Synthesis Report" option in "Analysis and Synthesis Settings -> More Settings" to "Off".


+--------------------------------------------------------------+
; Parameter Settings for User Entity Instance: rain:createrain ;
+----------------+-------+-------------------------------------+
; Parameter Name ; Value ; Type                                ;
+----------------+-------+-------------------------------------+
; speed          ; 0     ; Signed Integer                      ;
+----------------+-------+-------------------------------------+
Note: In order to hide this table in the UI and the text report file, please set the "Show Parameter Settings in Synthesis Report" option in "Analysis and Synthesis Settings -> More Settings" to "Off".


+-------------------------------------------------------------------------------------+
; Parameter Settings for User Entity Instance: rain:createrain|paramcounter:slockmake ;
+----------------+-------+------------------------------------------------------------+
; Parameter Name ; Value ; Type                                                       ;
+----------------+-------+------------------------------------------------------------+
; N              ; 30    ; Signed Integer                                             ;
+----------------+-------+------------------------------------------------------------+
Note: In order to hide this table in the UI and the text report file, please set the "Show Parameter Settings in Synthesis Report" option in "Analysis and Synthesis Settings -> More Settings" to "Off".


+-------------------------------------------------------------------------------+
; Parameter Settings for User Entity Instance: rain:createrain|paramspi:testled ;
+----------------+-------+------------------------------------------------------+
; Parameter Name ; Value ; Type                                                 ;
+----------------+-------+------------------------------------------------------+
; N              ; 448   ; Signed Integer                                       ;
+----------------+-------+------------------------------------------------------+
Note: In order to hide this table in the UI and the text report file, please set the "Show Parameter Settings in Synthesis Report" option in "Analysis and Synthesis Settings -> More Settings" to "Off".


+----------------------------------------------------------------------------------------------------+
; Parameter Settings for User Entity Instance: rain:createrain|paramspi:testled|paramcounter:loadclk ;
+----------------+-------+---------------------------------------------------------------------------+
; Parameter Name ; Value ; Type                                                                      ;
+----------------+-------+---------------------------------------------------------------------------+
; N              ; 26    ; Signed Integer                                                            ;
+----------------+-------+---------------------------------------------------------------------------+
Note: In order to hide this table in the UI and the text report file, please set the "Show Parameter Settings in Synthesis Report" option in "Analysis and Synthesis Settings -> More Settings" to "Off".


+--------------------------------------------------------------------+
; Parameter Settings for User Entity Instance: rain:rain2constructor ;
+----------------+-------+-------------------------------------------+
; Parameter Name ; Value ; Type                                      ;
+----------------+-------+-------------------------------------------+
; speed          ; 1     ; Signed Integer                            ;
+----------------+-------+-------------------------------------------+
Note: In order to hide this table in the UI and the text report file, please set the "Show Parameter Settings in Synthesis Report" option in "Analysis and Synthesis Settings -> More Settings" to "Off".


+-------------------------------------------------------------------------------------------+
; Parameter Settings for User Entity Instance: rain:rain2constructor|paramcounter:slockmake ;
+----------------+-------+------------------------------------------------------------------+
; Parameter Name ; Value ; Type                                                             ;
+----------------+-------+------------------------------------------------------------------+
; N              ; 30    ; Signed Integer                                                   ;
+----------------+-------+------------------------------------------------------------------+
Note: In order to hide this table in the UI and the text report file, please set the "Show Parameter Settings in Synthesis Report" option in "Analysis and Synthesis Settings -> More Settings" to "Off".


+-------------------------------------------------------------------------------------+
; Parameter Settings for User Entity Instance: rain:rain2constructor|paramspi:testled ;
+----------------+-------+------------------------------------------------------------+
; Parameter Name ; Value ; Type                                                       ;
+----------------+-------+------------------------------------------------------------+
; N              ; 448   ; Signed Integer                                             ;
+----------------+-------+------------------------------------------------------------+
Note: In order to hide this table in the UI and the text report file, please set the "Show Parameter Settings in Synthesis Report" option in "Analysis and Synthesis Settings -> More Settings" to "Off".


+----------------------------------------------------------------------------------------------------------+
; Parameter Settings for User Entity Instance: rain:rain2constructor|paramspi:testled|paramcounter:loadclk ;
+----------------+-------+---------------------------------------------------------------------------------+
; Parameter Name ; Value ; Type                                                                            ;
+----------------+-------+---------------------------------------------------------------------------------+
; N              ; 26    ; Signed Integer                                                                  ;
+----------------+-------+---------------------------------------------------------------------------------+
Note: In order to hide this table in the UI and the text report file, please set the "Show Parameter Settings in Synthesis Report" option in "Analysis and Synthesis Settings -> More Settings" to "Off".


+--------------------------------------------------------------------+
; Parameter Settings for User Entity Instance: rain:rain3constructor ;
+----------------+-------+-------------------------------------------+
; Parameter Name ; Value ; Type                                      ;
+----------------+-------+-------------------------------------------+
; speed          ; 2     ; Signed Integer                            ;
+----------------+-------+-------------------------------------------+
Note: In order to hide this table in the UI and the text report file, please set the "Show Parameter Settings in Synthesis Report" option in "Analysis and Synthesis Settings -> More Settings" to "Off".


+-------------------------------------------------------------------------------------------+
; Parameter Settings for User Entity Instance: rain:rain3constructor|paramcounter:slockmake ;
+----------------+-------+------------------------------------------------------------------+
; Parameter Name ; Value ; Type                                                             ;
+----------------+-------+------------------------------------------------------------------+
; N              ; 30    ; Signed Integer                                                   ;
+----------------+-------+------------------------------------------------------------------+
Note: In order to hide this table in the UI and the text report file, please set the "Show Parameter Settings in Synthesis Report" option in "Analysis and Synthesis Settings -> More Settings" to "Off".


+-------------------------------------------------------------------------------------+
; Parameter Settings for User Entity Instance: rain:rain3constructor|paramspi:testled ;
+----------------+-------+------------------------------------------------------------+
; Parameter Name ; Value ; Type                                                       ;
+----------------+-------+------------------------------------------------------------+
; N              ; 448   ; Signed Integer                                             ;
+----------------+-------+------------------------------------------------------------+
Note: In order to hide this table in the UI and the text report file, please set the "Show Parameter Settings in Synthesis Report" option in "Analysis and Synthesis Settings -> More Settings" to "Off".


+----------------------------------------------------------------------------------------------------------+
; Parameter Settings for User Entity Instance: rain:rain3constructor|paramspi:testled|paramcounter:loadclk ;
+----------------+-------+---------------------------------------------------------------------------------+
; Parameter Name ; Value ; Type                                                                            ;
+----------------+-------+---------------------------------------------------------------------------------+
; N              ; 26    ; Signed Integer                                                                  ;
+----------------+-------+---------------------------------------------------------------------------------+
Note: In order to hide this table in the UI and the text report file, please set the "Show Parameter Settings in Synthesis Report" option in "Analysis and Synthesis Settings -> More Settings" to "Off".


+---------------------------------------------------------------------------------------------------------------------+
; Port Connectivity Checks: "rain:rain3constructor|paramcounter:slockmake"                                            ;
+-----------+--------+----------+-------------------------------------------------------------------------------------+
; Port      ; Type   ; Severity ; Details                                                                             ;
+-----------+--------+----------+-------------------------------------------------------------------------------------+
; reset     ; Input  ; Info     ; Stuck at GND                                                                        ;
; q[29..22] ; Output ; Info     ; Connected to dangling logic. Logic that only feeds a dangling port will be removed. ;
; q[20..0]  ; Output ; Info     ; Connected to dangling logic. Logic that only feeds a dangling port will be removed. ;
+-----------+--------+----------+-------------------------------------------------------------------------------------+


+----------------------------------------------------------+
; Port Connectivity Checks: "rain:rain3constructor"        ;
+------------------------+-------+----------+--------------+
; Port                   ; Type  ; Severity ; Details      ;
+------------------------+-------+----------+--------------+
; globalbrightness[4..3] ; Input ; Info     ; Stuck at VCC ;
; globalbrightness[2..0] ; Input ; Info     ; Stuck at GND ;
; blue                   ; Input ; Info     ; Stuck at VCC ;
; green                  ; Input ; Info     ; Stuck at VCC ;
; red                    ; Input ; Info     ; Stuck at VCC ;
+------------------------+-------+----------+--------------+


+---------------------------------------------------------------------------------------------------------------------+
; Port Connectivity Checks: "rain:rain2constructor|paramcounter:slockmake"                                            ;
+-----------+--------+----------+-------------------------------------------------------------------------------------+
; Port      ; Type   ; Severity ; Details                                                                             ;
+-----------+--------+----------+-------------------------------------------------------------------------------------+
; reset     ; Input  ; Info     ; Stuck at GND                                                                        ;
; q[29..21] ; Output ; Info     ; Connected to dangling logic. Logic that only feeds a dangling port will be removed. ;
; q[19..0]  ; Output ; Info     ; Connected to dangling logic. Logic that only feeds a dangling port will be removed. ;
+-----------+--------+----------+-------------------------------------------------------------------------------------+


+----------------------------------------------------------+
; Port Connectivity Checks: "rain:rain2constructor"        ;
+------------------------+-------+----------+--------------+
; Port                   ; Type  ; Severity ; Details      ;
+------------------------+-------+----------+--------------+
; globalbrightness[4..3] ; Input ; Info     ; Stuck at VCC ;
; globalbrightness[2..0] ; Input ; Info     ; Stuck at GND ;
; blue                   ; Input ; Info     ; Stuck at VCC ;
; green                  ; Input ; Info     ; Stuck at VCC ;
; red                    ; Input ; Info     ; Stuck at VCC ;
+------------------------+-------+----------+--------------+


+---------------------------------------------------------------------------------------------------------------------+
; Port Connectivity Checks: "rain:createrain|paramspi:testled|paramcounter:loadclk"                                   ;
+-----------+--------+----------+-------------------------------------------------------------------------------------+
; Port      ; Type   ; Severity ; Details                                                                             ;
+-----------+--------+----------+-------------------------------------------------------------------------------------+
; reset     ; Input  ; Info     ; Stuck at GND                                                                        ;
; q[25..17] ; Output ; Info     ; Connected to dangling logic. Logic that only feeds a dangling port will be removed. ;
; q[15..0]  ; Output ; Info     ; Connected to dangling logic. Logic that only feeds a dangling port will be removed. ;
+-----------+--------+----------+-------------------------------------------------------------------------------------+


+---------------------------------------------------------------------------------------------------------------------+
; Port Connectivity Checks: "rain:createrain|paramcounter:slockmake"                                                  ;
+-----------+--------+----------+-------------------------------------------------------------------------------------+
; Port      ; Type   ; Severity ; Details                                                                             ;
+-----------+--------+----------+-------------------------------------------------------------------------------------+
; reset     ; Input  ; Info     ; Stuck at GND                                                                        ;
; q[29..20] ; Output ; Info     ; Connected to dangling logic. Logic that only feeds a dangling port will be removed. ;
; q[18..0]  ; Output ; Info     ; Connected to dangling logic. Logic that only feeds a dangling port will be removed. ;
+-----------+--------+----------+-------------------------------------------------------------------------------------+


+----------------------------------------------------------+
; Port Connectivity Checks: "rain:createrain"              ;
+------------------------+-------+----------+--------------+
; Port                   ; Type  ; Severity ; Details      ;
+------------------------+-------+----------+--------------+
; globalbrightness[4..3] ; Input ; Info     ; Stuck at VCC ;
; globalbrightness[2..0] ; Input ; Info     ; Stuck at GND ;
; blue                   ; Input ; Info     ; Stuck at VCC ;
; green                  ; Input ; Info     ; Stuck at VCC ;
; red                    ; Input ; Info     ; Stuck at VCC ;
+------------------------+-------+----------+--------------+


+----------------------------------------------------------------------------------------------------------------------------------+
; Port Connectivity Checks: "valueGenOneColor:pinktest"                                                                            ;
+------------------------+--------+----------+-------------------------------------------------------------------------------------+
; Port                   ; Type   ; Severity ; Details                                                                             ;
+------------------------+--------+----------+-------------------------------------------------------------------------------------+
; globalbrightness[4..3] ; Input  ; Info     ; Stuck at VCC                                                                        ;
; globalbrightness[2..0] ; Input  ; Info     ; Stuck at GND                                                                        ;
; blue                   ; Input  ; Info     ; Stuck at GND                                                                        ;
; green[6..5]            ; Input  ; Info     ; Stuck at VCC                                                                        ;
; green[4..3]            ; Input  ; Info     ; Stuck at GND                                                                        ;
; green[1..0]            ; Input  ; Info     ; Stuck at GND                                                                        ;
; green[7]               ; Input  ; Info     ; Stuck at GND                                                                        ;
; green[2]               ; Input  ; Info     ; Stuck at VCC                                                                        ;
; red[7..6]              ; Input  ; Info     ; Stuck at VCC                                                                        ;
; red[4..3]              ; Input  ; Info     ; Stuck at VCC                                                                        ;
; red[1..0]              ; Input  ; Info     ; Stuck at VCC                                                                        ;
; red[5]                 ; Input  ; Info     ; Stuck at GND                                                                        ;
; red[2]                 ; Input  ; Info     ; Stuck at GND                                                                        ;
; ledstring              ; Output ; Info     ; Connected to dangling logic. Logic that only feeds a dangling port will be removed. ;
+------------------------+--------+----------+-------------------------------------------------------------------------------------+


+----------------------------------------------------------------------------------------------------------------------------------+
; Port Connectivity Checks: "valueGenOneColor:bluetest"                                                                            ;
+------------------------+--------+----------+-------------------------------------------------------------------------------------+
; Port                   ; Type   ; Severity ; Details                                                                             ;
+------------------------+--------+----------+-------------------------------------------------------------------------------------+
; globalbrightness[4..3] ; Input  ; Info     ; Stuck at VCC                                                                        ;
; globalbrightness[2..0] ; Input  ; Info     ; Stuck at GND                                                                        ;
; blue                   ; Input  ; Info     ; Stuck at GND                                                                        ;
; green[3..0]            ; Input  ; Info     ; Stuck at GND                                                                        ;
; green[7]               ; Input  ; Info     ; Stuck at GND                                                                        ;
; green[6]               ; Input  ; Info     ; Stuck at VCC                                                                        ;
; green[5]               ; Input  ; Info     ; Stuck at GND                                                                        ;
; green[4]               ; Input  ; Info     ; Stuck at VCC                                                                        ;
; red                    ; Input  ; Info     ; Stuck at VCC                                                                        ;
; ledstring              ; Output ; Info     ; Connected to dangling logic. Logic that only feeds a dangling port will be removed. ;
+------------------------+--------+----------+-------------------------------------------------------------------------------------+


+----------------------------------------------------------------------------------------------------------------------------------+
; Port Connectivity Checks: "valueGenOneColor:orangetest"                                                                          ;
+------------------------+--------+----------+-------------------------------------------------------------------------------------+
; Port                   ; Type   ; Severity ; Details                                                                             ;
+------------------------+--------+----------+-------------------------------------------------------------------------------------+
; globalbrightness[4..3] ; Input  ; Info     ; Stuck at VCC                                                                        ;
; globalbrightness[2..0] ; Input  ; Info     ; Stuck at GND                                                                        ;
; blue[5..2]             ; Input  ; Info     ; Stuck at GND                                                                        ;
; blue[7]                ; Input  ; Info     ; Stuck at GND                                                                        ;
; blue[6]                ; Input  ; Info     ; Stuck at VCC                                                                        ;
; blue[1]                ; Input  ; Info     ; Stuck at VCC                                                                        ;
; blue[0]                ; Input  ; Info     ; Stuck at GND                                                                        ;
; green[6..3]            ; Input  ; Info     ; Stuck at VCC                                                                        ;
; green[7]               ; Input  ; Info     ; Stuck at GND                                                                        ;
; green[2]               ; Input  ; Info     ; Stuck at GND                                                                        ;
; green[1]               ; Input  ; Info     ; Stuck at VCC                                                                        ;
; green[0]               ; Input  ; Info     ; Stuck at GND                                                                        ;
; red[7..4]              ; Input  ; Info     ; Stuck at VCC                                                                        ;
; red[1..0]              ; Input  ; Info     ; Stuck at GND                                                                        ;
; red[3]                 ; Input  ; Info     ; Stuck at GND                                                                        ;
; red[2]                 ; Input  ; Info     ; Stuck at VCC                                                                        ;
; ledstring              ; Output ; Info     ; Connected to dangling logic. Logic that only feeds a dangling port will be removed. ;
+------------------------+--------+----------+-------------------------------------------------------------------------------------+


+--------------------------------------------------------------------------------------------------------------------+
; Port Connectivity Checks: "paramcounter:sckmake"                                                                   ;
+----------+--------+----------+-------------------------------------------------------------------------------------+
; Port     ; Type   ; Severity ; Details                                                                             ;
+----------+--------+----------+-------------------------------------------------------------------------------------+
; reset    ; Input  ; Info     ; Stuck at GND                                                                        ;
; q[25..7] ; Output ; Info     ; Connected to dangling logic. Logic that only feeds a dangling port will be removed. ;
; q[5..0]  ; Output ; Info     ; Connected to dangling logic. Logic that only feeds a dangling port will be removed. ;
+----------+--------+----------+-------------------------------------------------------------------------------------+


+-------------------------------+
; Elapsed Time Per Partition    ;
+----------------+--------------+
; Partition Name ; Elapsed Time ;
+----------------+--------------+
; Top            ; 00:00:01     ;
+----------------+--------------+


+-------------------------------+
; Analysis & Synthesis Messages ;
+-------------------------------+
Info: *******************************************************************
Info: Running Quartus II 32-bit Analysis & Synthesis
    Info: Version 13.0.1 Build 232 06/12/2013 Service Pack 1 SJ Web Edition
    Info: Processing started: Thu Nov 30 20:34:27 2017
Info: Command: quartus_map --read_settings_files=on --write_settings_files=off spimoduletest -c spimoduletest
Warning (20028): Parallel compilation is not licensed and has been disabled
Info (12021): Found 6 design units, including 6 entities, in source file spimoduletest.sv
    Info (12023): Found entity 1: paramcounter
    Info (12023): Found entity 2: paramspi
    Info (12023): Found entity 3: rain
    Info (12023): Found entity 4: generateRainInstance
    Info (12023): Found entity 5: valueGenOneColor
    Info (12023): Found entity 6: spimoduletest
Info (12127): Elaborating entity "spimoduletest" for the top level hierarchy
Warning (10034): Output port "mosilarg" at spimoduletest.sv(125) has no driver
Warning (10034): Output port "mosimed" at spimoduletest.sv(126) has no driver
Warning (10034): Output port "mosismal" at spimoduletest.sv(127) has no driver
Info (12128): Elaborating entity "paramcounter" for hierarchy "paramcounter:sckmake"
Warning (10230): Verilog HDL assignment warning at spimoduletest.sv(8): truncated value with size 32 to match size of target (26)
Info (12128): Elaborating entity "valueGenOneColor" for hierarchy "valueGenOneColor:orangetest"
Info (12128): Elaborating entity "valueGenOneColor" for hierarchy "valueGenOneColor:bluetest"
Info (12128): Elaborating entity "rain" for hierarchy "rain:createrain"
Info (12128): Elaborating entity "paramcounter" for hierarchy "rain:createrain|paramcounter:slockmake"
Warning (10230): Verilog HDL assignment warning at spimoduletest.sv(8): truncated value with size 32 to match size of target (30)
Info (12128): Elaborating entity "generateRainInstance" for hierarchy "rain:createrain|generateRainInstance:eachrain"
Info (12128): Elaborating entity "paramspi" for hierarchy "rain:createrain|paramspi:testled"
Info (12128): Elaborating entity "rain" for hierarchy "rain:rain2constructor"
Info (12128): Elaborating entity "rain" for hierarchy "rain:rain3constructor"
Warning (13024): Output pins are stuck at VCC or GND
    Warning (13410): Pin "mosilarg" is stuck at GND
    Warning (13410): Pin "mosimed" is stuck at GND
    Warning (13410): Pin "mosismal" is stuck at GND
Info (286030): Timing-Driven Synthesis is running
Info (17049): 46 registers lost all their fanouts during netlist optimizations.
Info (16010): Generating hard_block partition "hard_block:auto_generated_inst"
    Info (16011): Adding 0 node(s), including 0 DDIO, 0 PLL, 0 transceiver and 0 LCELL
Info (21057): Implemented 1403 device resources after synthesis - the final resource count might be different
    Info (21058): Implemented 1 input pins
    Info (21059): Implemented 10 output pins
    Info (21061): Implemented 1392 logic cells
Info: Quartus II 32-bit Analysis & Synthesis was successful. 0 errors, 10 warnings
    Info: Peak virtual memory: 427 megabytes
    Info: Processing ended: Thu Nov 30 20:34:30 2017
    Info: Elapsed time: 00:00:03
    Info: Total CPU time (on all processors): 00:00:02


